Line 17: Class TwainControlX.Twain of control Twain1 was not a loaded control class.
Line 24: The property name CurrentDevice in Twain1 is invalid.
Line 25: The property name UseInterface in Twain1 is invalid.
Line 26: The property name WaitForAcquire in Twain1 is invalid.
Line 27: The property name DoubleBuffered in Twain1 is invalid.
Line 29: The property name Object.Visible in Twain1 is invalid.
Line 30: The property name Cursor in Twain1 is invalid.
Line 31: The property name HelpType in Twain1 is invalid.
Line 32: The property name HelpKeyword in Twain1 is invalid.
Line 33: The property name JPEGQuality in Twain1 is invalid.
Line 34: The property name PixelType in Twain1 is invalid.
Line 35: The property name ShowProgress in Twain1 is invalid.
Line 36: The property name Units in Twain1 is invalid.
Line 37: The property name Resolution in Twain1 is invalid.
Line 38: The property name ImageLeft in Twain1 is invalid.
Line 39: The property name ImageTop in Twain1 is invalid.
Line 40: The property name ImageRight in Twain1 is invalid.
Line 41: The property name ImageBottom in Twain1 is invalid.
Line 42: The property name XResolution in Twain1 is invalid.
Line 43: The property name YResolution in Twain1 is invalid.
Line 44: The property name AppName in Twain1 is invalid.
Line 45: The property name UseADF in Twain1 is invalid.
Line 46: The property name MultiImage in Twain1 is invalid.
Line 47: The property name ImagesToRead in Twain1 is invalid.
Line 48: The property name KeepImages in Twain1 is invalid.
Line 49: The property name SelectedImage in Twain1 is invalid.
Line 50: The property name AutoDeskew in Twain1 is invalid.
Line 51: The property name Contrast in Twain1 is invalid.
Line 52: The property name Brightness in Twain1 is invalid.
Line 53: The property name AutoBright in Twain1 is invalid.
Line 54: The property name DuplexEnabled in Twain1 is invalid.
Line 55: The property name ClearBeforeAcquire in Twain1 is invalid.
Line 56: The property name Threshold in Twain1 is invalid.
Line 57: The property name BlankTol in Twain1 is invalid.
