Line 224: Class TwainControlX.Twain of control Twain1 was not a loaded control class.
Line 231: The property name CurrentDevice in Twain1 is invalid.
Line 232: The property name UseInterface in Twain1 is invalid.
Line 233: The property name WaitForAcquire in Twain1 is invalid.
Line 234: The property name DoubleBuffered in Twain1 is invalid.
Line 236: The property name Object.Visible in Twain1 is invalid.
Line 237: The property name Cursor in Twain1 is invalid.
Line 238: The property name HelpType in Twain1 is invalid.
Line 239: The property name HelpKeyword in Twain1 is invalid.
Line 240: The property name JPEGQuality in Twain1 is invalid.
Line 241: The property name PixelType in Twain1 is invalid.
Line 242: The property name ShowProgress in Twain1 is invalid.
Line 243: The property name Units in Twain1 is invalid.
Line 244: The property name Resolution in Twain1 is invalid.
Line 245: The property name ImageLeft in Twain1 is invalid.
Line 246: The property name ImageTop in Twain1 is invalid.
Line 247: The property name ImageRight in Twain1 is invalid.
Line 248: The property name ImageBottom in Twain1 is invalid.
Line 249: The property name XResolution in Twain1 is invalid.
Line 250: The property name YResolution in Twain1 is invalid.
Line 251: The property name AppName in Twain1 is invalid.
Line 252: The property name UseADF in Twain1 is invalid.
Line 253: The property name MultiImage in Twain1 is invalid.
Line 254: The property name ImagesToRead in Twain1 is invalid.
Line 255: The property name KeepImages in Twain1 is invalid.
Line 256: The property name SelectedImage in Twain1 is invalid.
Line 257: The property name AutoDeskew in Twain1 is invalid.
Line 258: The property name Contrast in Twain1 is invalid.
Line 259: The property name Brightness in Twain1 is invalid.
Line 260: The property name AutoBright in Twain1 is invalid.
Line 261: The property name DuplexEnabled in Twain1 is invalid.
Line 262: The property name ClearBeforeAcquire in Twain1 is invalid.
Line 263: The property name Threshold in Twain1 is invalid.
Line 264: The property name BlankTol in Twain1 is invalid.
